src/components/features/Ledger.tsx(662,26): error TS2322: Type '({ index, style }: { index: number; style: React.CSSProperties; }) => React.JSX.Element' is not assignable to type 'ReactNode'.
src/components/features/ShiftLogs.tsx(7,10): error TS2305: Module '"react-window"' has no exported member 'FixedSizeList'.
